// Jest Snapshot v1, https://goo.gl/fbAQLP

exports[`App [snapshot] should render 1`] = `
<div>
  Going to tell ya so...
</div>
`;
